
> vlog-app@0.1.0 build
> node scripts/sync-tools.mjs && next build

🔍 Found 9 tools: claude-config-master, claude-workflows-optimization, code-snapshot, json-to-table, markdown-editor, quick-start-checklist, tailwind-class-visualizer, vibe-token-slimmer, vibe-visual-pro
✅ Tools synchronized successfully!
 ⚠ Warning: Next.js inferred your workspace root, but it may not be correct.
 We detected multiple lockfiles and selected the directory of /Users/admin/package-lock.json as the root directory.
 To silence this warning, set `turbopack.root` in your Next.js config, or consider removing one of the lockfiles if it's not needed.
   See https://nextjs.org/docs/app/api-reference/config/next-config-js/turbopack#root-directory for more information.
 Detected additional lockfiles: 
   * /Users/admin/Desktop/techblog/blog-project/package-lock.json
   * /Users/admin/Desktop/techblog/package-lock.json

   ▲ Next.js 16.0.10 (Turbopack)

   Creating an optimized production build ...

> Build error occurred
Error: Turbopack build failed with 3 errors:
./Desktop/techblog/blog-project/src/app/layout.tsx:156:14
Parsing ecmascript source code failed
[0m [90m 154 |[39m           }}
 [90m 155 |[39m         [33m/[39m[33m>[39m
[31m[1m>[22m[39m[90m 156 |[39m       [33m<[39m[33m/[39m[33mhead[39m[33m>[39m
 [90m     |[39m              [31m[1m^[22m[39m
[31m[1m>[22m[39m[90m 157 |[39m       [33m<[39m[33mbody[39m className[33m=[39m{cn(geistSans[33m.[39mvariable[33m,[39m geistMono[33m.[39mvariable[33m,[39m [32m"antialiased bg-background"[39m)}[33m>[39m
 [90m     |[39m [31m[1m^[22m[39m[31m[1m^[22m[39m[31m[1m^[22m[39m[31m[1m^[22m[39m[31m[1m^[22m[39m[31m[1m^[22m[39m[31m[1m^[22m[39m
 [90m 158 |[39m         [33m<[39m[33mdiv[39m className[33m=[39m[32m"min-h-screen flex flex-col"[39m[33m>[39m
 [90m 159 |[39m           {[90m/* Header */[39m}
 [90m 160 |[39m           [33m<[39m[33mheader[39m className[33m=[39m[32m"sticky top-0 z-50 w-full border-b bg-background/95 backdrop-blur supports-[backdrop-filter]:bg-background/60"[39m[33m>[39m[0m

Expected '</', got 'jsx text (
      )'


./Desktop/techblog/blog-project/src/shared/ui/popover.tsx:4:1
Module not found: Can't resolve '@radix-ui/react-popover'
[0m [90m 2 |[39m
 [90m 3 |[39m [36mimport[39m [33m*[39m [36mas[39m [33mReact[39m [36mfrom[39m [32m"react"[39m
[31m[1m>[22m[39m[90m 4 |[39m [36mimport[39m [33m*[39m [36mas[39m [33mPopoverPrimitive[39m [36mfrom[39m [32m"@radix-ui/react-popover"[39m
 [90m   |[39m [31m[1m^[22m[39m[31m[1m^[22m[39m[31m[1m^[22m[39m[31m[1m^[22m[39m[31m[1m^[22m[39m[31m[1m^[22m[39m[31m[1m^[22m[39m[31m[1m^[22m[39m[31m[1m^[22m[39m[31m[1m^[22m[39m[31m[1m^[22m[39m[31m[1m^[22m[39m[31m[1m^[22m[39m[31m[1m^[22m[39m[31m[1m^[22m[39m[31m[1m^[22m[39m[31m[1m^[22m[39m[31m[1m^[22m[39m[31m[1m^[22m[39m[31m[1m^[22m[39m[31m[1m^[22m[39m[31m[1m^[22m[39m[31m[1m^[22m[39m[31m[1m^[22m[39m[31m[1m^[22m[39m[31m[1m^[22m[39m[31m[1m^[22m[39m[31m[1m^[22m[39m[31m[1m^[22m[39m[31m[1m^[22m[39m[31m[1m^[22m[39m[31m[1m^[22m[39m[31m[1m^[22m[39m[31m[1m^[22m[39m[31m[1m^[22m[39m[31m[1m^[22m[39m[31m[1m^[22m[39m[31m[1m^[22m[39m[31m[1m^[22m[39m[31m[1m^[22m[39m[31m[1m^[22m[39m[31m[1m^[22m[39m[31m[1m^[22m[39m[31m[1m^[22m[39m[31m[1m^[22m[39m[31m[1m^[22m[39m[31m[1m^[22m[39m[31m[1m^[22m[39m[31m[1m^[22m[39m[31m[1m^[22m[39m[31m[1m^[22m[39m[31m[1m^[22m[39m[31m[1m^[22m[39m[31m[1m^[22m[39m[31m[1m^[22m[39m[31m[1m^[22m[39m[31m[1m^[22m[39m[31m[1m^[22m[39m[31m[1m^[22m[39m
 [90m 5 |[39m
 [90m 6 |[39m [36mimport[39m { cn } [36mfrom[39m [32m"@/lib/utils"[39m
 [90m 7 |[39m[0m



Import traces:
  Client Component Browser:
    ./Desktop/techblog/blog-project/src/shared/ui/popover.tsx [Client Component Browser]
    ./Desktop/techblog/blog-project/src/features/tools/tools/json-to-table/components/TableToolbar.tsx [Client Component Browser]
    ./Desktop/techblog/blog-project/src/features/tools/tools/json-to-table/index.tsx [Client Component Browser]
    ./Desktop/techblog/blog-project/src/features/tools/tools/json-to-table/index.tsx [App Route]
    ./Desktop/techblog/blog-project/src/shared/config/tools-registry.ts [App Route]
    ./Desktop/techblog/blog-project/src/app/api/content/route.ts [App Route]

  Client Component SSR:
    ./Desktop/techblog/blog-project/src/shared/ui/popover.tsx [Client Component SSR]
    ./Desktop/techblog/blog-project/src/features/tools/tools/json-to-table/components/TableToolbar.tsx [Client Component SSR]
    ./Desktop/techblog/blog-project/src/features/tools/tools/json-to-table/index.tsx [Client Component SSR]
    ./Desktop/techblog/blog-project/src/features/tools/tools/json-to-table/index.tsx [App Route]
    ./Desktop/techblog/blog-project/src/shared/config/tools-registry.ts [App Route]
    ./Desktop/techblog/blog-project/src/app/api/content/route.ts [App Route]

https://nextjs.org/docs/messages/module-not-found


./Desktop/techblog/blog-project/src/features/tools/tools/json-to-table/components/VirtualTable.tsx:4:1
Module not found: Can't resolve '@tanstack/react-virtual'
[0m [90m 2 |[39m
 [90m 3 |[39m [36mimport[39m { useRef[33m,[39m useMemo } [36mfrom[39m [32m'react'[39m[33m;[39m
[31m[1m>[22m[39m[90m 4 |[39m [36mimport[39m { useVirtualizer } [36mfrom[39m [32m'@tanstack/react-virtual'[39m[33m;[39m
 [90m   |[39m [31m[1m^[22m[39m[31m[1m^[22m[39m[31m[1m^[22m[39m[31m[1m^[22m[39m[31m[1m^[22m[39m[31m[1m^[22m[39m[31m[1m^[22m[39m[31m[1m^[22m[39m[31m[1m^[22m[39m[31m[1m^[22m[39m[31m[1m^[22m[39m[31m[1m^[22m[39m[31m[1m^[22m[39m[31m[1m^[22m[39m[31m[1m^[22m[39m[31m[1m^[22m[39m[31m[1m^[22m[39m[31m[1m^[22m[39m[31m[1m^[22m[39m[31m[1m^[22m[39m[31m[1m^[22m[39m[31m[1m^[22m[39m[31m[1m^[22m[39m[31m[1m^[22m[39m[31m[1m^[22m[39m[31m[1m^[22m[39m[31m[1m^[22m[39m[31m[1m^[22m[39m[31m[1m^[22m[39m[31m[1m^[22m[39m[31m[1m^[22m[39m[31m[1m^[22m[39m[31m[1m^[22m[39m[31m[1m^[22m[39m[31m[1m^[22m[39m[31m[1m^[22m[39m[31m[1m^[22m[39m[31m[1m^[22m[39m[31m[1m^[22m[39m[31m[1m^[22m[39m[31m[1m^[22m[39m[31m[1m^[22m[39m[31m[1m^[22m[39m[31m[1m^[22m[39m[31m[1m^[22m[39m[31m[1m^[22m[39m[31m[1m^[22m[39m[31m[1m^[22m[39m[31m[1m^[22m[39m[31m[1m^[22m[39m[31m[1m^[22m[39m[31m[1m^[22m[39m[31m[1m^[22m[39m[31m[1m^[22m[39m[31m[1m^[22m[39m[31m[1m^[22m[39m[31m[1m^[22m[39m
 [90m 5 |[39m [36mimport[39m { [33mInput[39m } [36mfrom[39m [32m'@/shared/ui/input'[39m[33m;[39m
 [90m 6 |[39m [36mimport[39m { [33mArrowUpDown[39m[33m,[39m [33mArrowUp[39m[33m,[39m [33mArrowDown[39m } [36mfrom[39m [32m'lucide-react'[39m[33m;[39m
 [90m 7 |[39m [36mimport[39m { [33mFlatRow[39m } [36mfrom[39m [32m'../lib/types'[39m[33m;[39m[0m



Import traces:
  Client Component Browser:
    ./Desktop/techblog/blog-project/src/features/tools/tools/json-to-table/components/VirtualTable.tsx [Client Component Browser]
    ./Desktop/techblog/blog-project/src/features/tools/tools/json-to-table/index.tsx [Client Component Browser]
    ./Desktop/techblog/blog-project/src/features/tools/tools/json-to-table/index.tsx [App Route]
    ./Desktop/techblog/blog-project/src/shared/config/tools-registry.ts [App Route]
    ./Desktop/techblog/blog-project/src/app/api/content/route.ts [App Route]

  Client Component SSR:
    ./Desktop/techblog/blog-project/src/features/tools/tools/json-to-table/components/VirtualTable.tsx [Client Component SSR]
    ./Desktop/techblog/blog-project/src/features/tools/tools/json-to-table/index.tsx [Client Component SSR]
    ./Desktop/techblog/blog-project/src/features/tools/tools/json-to-table/index.tsx [App Route]
    ./Desktop/techblog/blog-project/src/shared/config/tools-registry.ts [App Route]
    ./Desktop/techblog/blog-project/src/app/api/content/route.ts [App Route]

https://nextjs.org/docs/messages/module-not-found


    at <unknown> (./Desktop/techblog/blog-project/src/app/layout.tsx:156:14)
    at <unknown> (./Desktop/techblog/blog-project/src/shared/ui/popover.tsx:4:1)
    at <unknown> (https://nextjs.org/docs/messages/module-not-found)
    at <unknown> (./Desktop/techblog/blog-project/src/features/tools/tools/json-to-table/components/VirtualTable.tsx:4:1)
    at <unknown> (https://nextjs.org/docs/messages/module-not-found)
